Name,Weapon
Frodo Baggins,Sting
Aragorn,Anduril
Gandalf,Staff
Samwise Gamgee,Cast iron pan
