Name
Frodo Baggins
Aragorn
Gandalf
Samwise Gamgee
